register normalizers/yamysql
[[0,0.0,0.0],true]
normalize NormalizerYaMySQLSymbolPartofspeechHtml "ヴァイオリンの演奏" WITH_TYPES|WITH_CHECKS
[
  [
    0,
    0.0,
    0.0
  ],
  {
    "normalized": "バイオリン 演奏",
    "types": [
      "katakana",
      "katakana",
      "katakana",
      "katakana",
      "katakana",
      "unknown",
      "kanji",
      "kanji"
    ],
    "checks": [
      6,
      0,
      0,
      3,
      0,
      0,
      3,
      0,
      0,
      3,
      0,
      0,
      3,
      0,
      0,
      3,
      3,
      0,
      0,
      3,
      0,
      0
    ]
  }
]
normalize NormalizerYaMySQLSymbolPartofspeechHtml "ﾊﾞｲｵﾘﾝの演奏" WITH_TYPES|WITH_CHECKS
[
  [
    0,
    0.0,
    0.0
  ],
  {
    "normalized": "バイオリン 演奏",
    "types": [
      "katakana",
      "katakana",
      "katakana",
      "katakana",
      "katakana",
      "unknown",
      "kanji",
      "kanji"
    ],
    "checks": [
      6,
      0,
      0,
      3,
      0,
      0,
      3,
      0,
      0,
      3,
      0,
      0,
      3,
      0,
      0,
      3,
      3,
      0,
      0,
      3,
      0,
      0
    ]
  }
]
