register normalizers/yamysql
[[0,0.0,0.0],true]
normalize NormalizerYaMySQLHtml "<p>これは<b>テスト</b>です。</p>" WITH_TYPES|WITH_CHECKS
[
  [
    0,
    0.0,
    0.0
  ],
  {
    "normalized": "   これは   テスト    です。    ",
    "types": [
      "unknown",
      "unknown",
      "unknown",
      "hiragana",
      "hiragana",
      "hiragana",
      "unknown",
      "unknown",
      "unknown",
      "katakana",
      "katakana",
      "katakana",
      "unknown",
      "unknown",
      "unknown",
      "unknown",
      "hiragana",
      "hiragana",
      "symbol",
      "unknown",
      "unknown",
      "unknown",
      "unknown"
    ],
    "checks": [
      1,
      1,
      1,
      3,
      0,
      0,
      3,
      0,
      0,
      3,
      0,
      0,
      1,
      1,
      1,
      3,
      0,
      0,
      3,
      0,
      0,
      3,
      0,
      0,
      1,
      1,
      1,
      1,
      3,
      0,
      0,
      3,
      0,
      0,
      3,
      0,
      0,
      1,
      1,
      1,
      1
    ]
  }
]
