register normalizers/yamysql
[[0,0.0,0.0],true]
normalize NormalizerYaMySQL "−—〜‖"
[[0,0.0,0.0],{"normalized":"--~|","types":[],"checks":[]}]
