register normalizers/yamysql
[[0,0.0,0.0],true]
normalize NormalizerYaMySQLPartofspeechProlong "これはテストデーターです。" WITH_TYPES|WITH_CHECKS
[
  [
    0,
    0.0,
    0.0
  ],
  {
    "normalized": "これテストデータ",
    "types": [
      "hiragana",
      "unknown",
      "katakana",
      "katakana",
      "katakana",
      "katakana",
      "katakana",
      "unknown"
    ],
    "checks": [
      3,
      0,
      0,
      3,
      0,
      0,
      6,
      0,
      0,
      3,
      0,
      0,
      3,
      0,
      0,
      3,
      0,
      0,
      3,
      0,
      0,
      3,
      0,
      0
    ]
  }
]
