register normalizers/yamysql
[[0,0.0,0.0],true]
normalize NormalizerYaMySQL "デ-ター" WITH_TYPES|WITH_CHECKS
[
  [
    0,
    0.0,
    0.0
  ],
  {
    "normalized": "デ-タ-",
    "types": [
      "katakana",
      "symbol",
      "katakana",
      "symbol"
    ],
    "checks": [
      3,
      0,
      0,
      1,
      3,
      0,
      0,
      3
    ]
  }
]
