register normalizers/yamysql
[[0,0.0,0.0],true]
normalize NormalizerYaMySQL "ヴァヴィヴヴェヴォ"
[[0,0.0,0.0],{"normalized":"バビヴベボ","types":[],"checks":[]}]
