register normalizers/yamysql
[[0,0.0,0.0],true]
register function/snippet_tritonn
[[0,0.0,0.0],true]
table_create Entries TABLE_NO_KEY
[[0,0.0,0.0],true]
column_create Entries content COLUMN_SCALAR ShortText
[[0,0.0,0.0],true]
table_create Tokens TABLE_PAT_KEY ShortText --default_tokenizer TokenBigramIgnoreBlank --normalizer NormalizerYaMySQLPartofspeechHtmlProlong
[[0,0.0,0.0],true]
column_create Tokens entries_content COLUMN_INDEX|WITH_POSITION Entries content
[[0,0.0,0.0],true]
load --table Entries
[
{"content": "テストの終わり"}
]
[[0,0.0,0.0],1]
select Entries   --output_columns 'snippet_tritonn(content, 200, 2,   "NormalizerYaMySQLPartofspeechHtmlProlong",   1, 1, "...", "...",   "テスト終わり", "<span class=\\"w1\\">", "</span>"), content'   --command_version 2   --match_columns 'content'   --query "テスト終わり"
[
  [
    0,
    0.0,
    0.0
  ],
  [
    [
      [
        1
      ],
      [
        [
          "snippet_tritonn",
          "Bool"
        ],
        [
          "content",
          "ShortText"
        ]
      ],
      [
        [
          "...<span class=\"w1\">テストの終わり</span>..."
        ],
        "テストの終わり"
      ]
    ]
  ]
]
