register normalizers/yamysql
[[0,0.0,0.0],true]
register function/snippet_tritonn
[[0,0.0,0.0],true]
table_create Entries TABLE_NO_KEY
[[0,0.0,0.0],true]
column_create Entries title COLUMN_SCALAR ShortText
[[0,0.0,0.0],true]
column_create Entries content COLUMN_SCALAR ShortText
[[0,0.0,0.0],true]
table_create Tokens TABLE_PAT_KEY ShortText --default_tokenizer TokenBigram --normalizer NormalizerYaMySQLUnicodeCI
[[0,0.0,0.0],true]
column_create Tokens entries_title COLUMN_INDEX|WITH_POSITION Entries title
[[0,0.0,0.0],true]
column_create Tokens entries_content COLUMN_INDEX|WITH_POSITION Entries content
[[0,0.0,0.0],true]
load --table Entries
[
{"title": "groonga and MySQL", "content": "groonga + aﾞあﾞz MySQL = mroonga."}
]
[[0,0.0,0.0],1]
select Entries   --output_columns 'title, snippet_tritonn(content, 200, 2,   "NormalizerYaMySQLUnicodeCI",   1, 1, "...", "...",   "aあﾞz", "<span class=\\"w1\\">", "</span>"), content'   --command_version 2   --match_columns 'content'   --query "aあﾞz"
[
  [
    0,
    0.0,
    0.0
  ],
  [
    [
      [
        1
      ],
      [
        [
          "title",
          "ShortText"
        ],
        [
          "snippet_tritonn",
          "Bool"
        ],
        [
          "content",
          "ShortText"
        ]
      ],
      [
        "groonga and MySQL",
        [
          "...groonga + <span class=\"w1\">aﾞあﾞz</span> MySQL = mroonga...."
        ],
        "groonga + aﾞあﾞz MySQL = mroonga."
      ]
    ]
  ]
]
