register normalizers/yamysql
[[0,0.0,0.0],true]
normalize NormalizerYaMySQLKanaCI "abcdefghijklmnopqrstuvwxyzABCDEFGHIJKLMNOPQRSTUVWXYZ"
[
  [
    0,
    0.0,
    0.0
  ],
  {
    "normalized": "ABCDEFGHIJKLMNOPQRSTUVWXYZABCDEFGHIJKLMNOPQRSTUVWXYZ",
    "types": [

    ],
    "checks": [

    ]
  }
]
