register normalizers/yamysql
[[0,0.0,0.0],true]
normalize NormalizerYaMySQLKanaCISymbolPartofspeechHtml "クロアチア の戦争" WITH_TYPES|WITH_CHECKS
[
  [
    0,
    0.0,
    0.0
  ],
  {
    "normalized": "クロアチア  戦争",
    "types": [
      "katakana",
      "katakana",
      "katakana",
      "katakana",
      "katakana",
      "unknown",
      "unknown",
      "kanji",
      "kanji"
    ],
    "checks": [
      3,
      0,
      0,
      3,
      0,
      0,
      3,
      0,
      0,
      3,
      0,
      0,
      3,
      0,
      0,
      1,
      3,
      3,
      0,
      0,
      3,
      0,
      0
    ]
  }
]
normalize NormalizerYaMySQLKanaCISymbolPartofspeechHtml " クロアチアの戦争" WITH_TYPES|WITH_CHECKS
[
  [
    0,
    0.0,
    0.0
  ],
  {
    "normalized": " クロアチア 戦争",
    "types": [
      "others",
      "katakana",
      "katakana",
      "katakana",
      "katakana",
      "katakana",
      "unknown",
      "kanji",
      "kanji"
    ],
    "checks": [
      1,
      3,
      0,
      0,
      3,
      0,
      0,
      3,
      0,
      0,
      3,
      0,
      0,
      3,
      0,
      0,
      3,
      3,
      0,
      0,
      3,
      0,
      0
    ]
  }
]
normalize NormalizerYaMySQLKanaCISymbolPartofspeechHtml "クロアチアの戦争 " WITH_TYPES|WITH_CHECKS
[
  [
    0,
    0.0,
    0.0
  ],
  {
    "normalized": "クロアチア 戦争 ",
    "types": [
      "katakana",
      "katakana",
      "katakana",
      "katakana",
      "katakana",
      "unknown",
      "kanji",
      "kanji",
      "unknown"
    ],
    "checks": [
      3,
      0,
      0,
      3,
      0,
      0,
      3,
      0,
      0,
      3,
      0,
      0,
      3,
      0,
      0,
      3,
      3,
      0,
      0,
      3,
      0,
      0,
      1
    ]
  }
]
normalize NormalizerYaMySQLKanaCISymbolPartofspeechHtml " クロアチアの戦争 " WITH_TYPES|WITH_CHECKS
[
  [
    0,
    0.0,
    0.0
  ],
  {
    "normalized": " クロアチア 戦争 ",
    "types": [
      "others",
      "katakana",
      "katakana",
      "katakana",
      "katakana",
      "katakana",
      "unknown",
      "kanji",
      "kanji",
      "unknown"
    ],
    "checks": [
      1,
      3,
      0,
      0,
      3,
      0,
      0,
      3,
      0,
      0,
      3,
      0,
      0,
      3,
      0,
      0,
      3,
      3,
      0,
      0,
      3,
      0,
      0,
      1
    ]
  }
]
normalize NormalizerYaMySQLKanaCISymbolPartofspeechHtml " クロアチア の戦争 " WITH_TYPES|WITH_CHECKS
[
  [
    0,
    0.0,
    0.0
  ],
  {
    "normalized": " クロアチア  戦争 ",
    "types": [
      "others",
      "katakana",
      "katakana",
      "katakana",
      "katakana",
      "katakana",
      "unknown",
      "unknown",
      "kanji",
      "kanji",
      "unknown"
    ],
    "checks": [
      1,
      3,
      0,
      0,
      3,
      0,
      0,
      3,
      0,
      0,
      3,
      0,
      0,
      3,
      0,
      0,
      1,
      3,
      3,
      0,
      0,
      3,
      0,
      0,
      1
    ]
  }
]
normalize NormalizerYaMySQLKanaCISymbolPartofspeechHtml " クロアチア の戦争 " REMOVE_BLANK|WITH_TYPES|WITH_CHECKS
[
  [
    0,
    0.0,
    0.0
  ],
  {
    "normalized": "クロアチア 戦争",
    "types": [
      "katakana",
      "katakana",
      "katakana",
      "katakana",
      "unknown",
      "unknown",
      "kanji",
      "unknown"
    ],
    "checks": [
      4,
      0,
      0,
      3,
      0,
      0,
      3,
      0,
      0,
      3,
      0,
      0,
      3,
      0,
      0,
      4,
      3,
      0,
      0,
      3,
      0,
      0
    ]
  }
]
